2025-04-30 16:30:44,767 - INFO - Adding job tentatively -- it will be properly scheduled when the scheduler starts
2025-04-30 16:30:44,768 - INFO - Added job "<lambda>" to job store "default"
2025-04-30 16:30:44,768 - INFO - Scheduler started
2025-04-30 16:30:44,768 - INFO - Бот запущен
2025-04-30 16:30:45,260 - INFO - HTTP Request: POST https://api.telegram.org/bot7353034334:AAHIBjJgdMdrqw_nE-DMX9ziM1mzgwG4jkk/getMe "HTTP/1.1 200 OK"
2025-04-30 16:30:45,340 - INFO - HTTP Request: POST https://api.telegram.org/bot7353034334:AAHIBjJgdMdrqw_nE-DMX9ziM1mzgwG4jkk/deleteWebhook "HTTP/1.1 200 OK"
2025-04-30 16:30:45,344 - INFO - Application started
2025-04-30 16:30:55,823 - INFO - HTTP Request: POST https://api.telegram.org/bot7353034334:AAHIBjJgdMdrqw_nE-DMX9ziM1mzgwG4jkk/getUpdates "HTTP/1.1 200 OK"
2025-04-30 16:31:01,106 - INFO - HTTP Request: POST https://api.telegram.org/bot7353034334:AAHIBjJgdMdrqw_nE-DMX9ziM1mzgwG4jkk/getUpdates "HTTP/1.1 200 OK"
2025-04-30 16:31:01,108 - ERROR - No error handlers are registered, logging exception.
Traceback (most recent call last):
  File "C:\Users\User\Desktop\gpt\.venv\Lib\site-packages\telegram\ext\_application.py", line 1234, in process_update
    await coroutine
  File "C:\Users\User\Desktop\gpt\.venv\Lib\site-packages\telegram\ext\_basehandler.py", line 157, in handle_update
    return await self.callback(update, context)
           ^^^^^^^^^^^^^^^^^^^^^^^^^^^^^^^^^^^^
  File "c:\Users\User\Desktop\gpt\.vscode\python bot.py", line 78, in start
    if data[user_id].get("username") != username:
       ^^^^^^^^^^^^^^^^^
AttributeError: 'list' object has no attribute 'get'
2025-04-30 16:31:11,186 - INFO - HTTP Request: POST https://api.telegram.org/bot7353034334:AAHIBjJgdMdrqw_nE-DMX9ziM1mzgwG4jkk/getUpdates "HTTP/1.1 200 OK"
2025-04-30 16:31:21,274 - INFO - HTTP Request: POST https://api.telegram.org/bot7353034334:AAHIBjJgdMdrqw_nE-DMX9ziM1mzgwG4jkk/getUpdates "HTTP/1.1 200 OK"
2025-04-30 16:31:31,346 - INFO - HTTP Request: POST https://api.telegram.org/bot7353034334:AAHIBjJgdMdrqw_nE-DMX9ziM1mzgwG4jkk/getUpdates "HTTP/1.1 200 OK"
2025-04-30 16:31:40,971 - INFO - HTTP Request: POST https://api.telegram.org/bot7353034334:AAHIBjJgdMdrqw_nE-DMX9ziM1mzgwG4jkk/getUpdates "HTTP/1.1 200 OK"
2025-04-30 16:31:41,394 - INFO - HTTP Request: POST https://api.telegram.org/bot7353034334:AAHIBjJgdMdrqw_nE-DMX9ziM1mzgwG4jkk/sendMessage "HTTP/1.1 200 OK"
2025-04-30 16:31:48,931 - INFO - HTTP Request: POST https://api.telegram.org/bot7353034334:AAHIBjJgdMdrqw_nE-DMX9ziM1mzgwG4jkk/getUpdates "HTTP/1.1 200 OK"
2025-04-30 16:31:49,417 - INFO - HTTP Request: POST https://api.telegram.org/bot7353034334:AAHIBjJgdMdrqw_nE-DMX9ziM1mzgwG4jkk/answerCallbackQuery "HTTP/1.1 200 OK"
2025-04-30 16:31:49,417 - ERROR - No error handlers are registered, logging exception.
Traceback (most recent call last):
  File "C:\Users\User\Desktop\gpt\.venv\Lib\site-packages\telegram\ext\_application.py", line 1234, in process_update
    await coroutine
  File "C:\Users\User\Desktop\gpt\.venv\Lib\site-packages\telegram\ext\_basehandler.py", line 157, in handle_update
    return await self.callback(update, context)
           ^^^^^^^^^^^^^^^^^^^^^^^^^^^^^^^^^^^^
  File "c:\Users\User\Desktop\gpt\.vscode\python bot.py", line 141, in handle_button
    if topic not in data[user_id]["topics"]:
                    ~~~~~~~~~~~~~^^^^^^^^^^
TypeError: list indices must be integers or slices, not str
2025-04-30 16:31:53,139 - INFO - HTTP Request: POST https://api.telegram.org/bot7353034334:AAHIBjJgdMdrqw_nE-DMX9ziM1mzgwG4jkk/getUpdates "HTTP/1.1 200 OK"
2025-04-30 16:31:53,452 - INFO - HTTP Request: POST https://api.telegram.org/bot7353034334:AAHIBjJgdMdrqw_nE-DMX9ziM1mzgwG4jkk/answerCallbackQuery "HTTP/1.1 200 OK"
2025-04-30 16:31:53,453 - ERROR - No error handlers are registered, logging exception.
Traceback (most recent call last):
  File "C:\Users\User\Desktop\gpt\.venv\Lib\site-packages\telegram\ext\_application.py", line 1234, in process_update
    await coroutine
  File "C:\Users\User\Desktop\gpt\.venv\Lib\site-packages\telegram\ext\_basehandler.py", line 157, in handle_update
    return await self.callback(update, context)
           ^^^^^^^^^^^^^^^^^^^^^^^^^^^^^^^^^^^^
  File "c:\Users\User\Desktop\gpt\.vscode\python bot.py", line 149, in handle_button
    if topic in data[user_id]["topics"]:
                ~~~~~~~~~~~~~^^^^^^^^^^
TypeError: list indices must be integers or slices, not str
2025-04-30 16:32:03,311 - INFO - HTTP Request: POST https://api.telegram.org/bot7353034334:AAHIBjJgdMdrqw_nE-DMX9ziM1mzgwG4jkk/getUpdates "HTTP/1.1 200 OK"
2025-04-30 16:32:13,420 - INFO - HTTP Request: POST https://api.telegram.org/bot7353034334:AAHIBjJgdMdrqw_nE-DMX9ziM1mzgwG4jkk/getUpdates "HTTP/1.1 200 OK"
2025-04-30 16:32:23,655 - INFO - HTTP Request: POST https://api.telegram.org/bot7353034334:AAHIBjJgdMdrqw_nE-DMX9ziM1mzgwG4jkk/getUpdates "HTTP/1.1 200 OK"
2025-04-30 16:32:33,735 - INFO - HTTP Request: POST https://api.telegram.org/bot7353034334:AAHIBjJgdMdrqw_nE-DMX9ziM1mzgwG4jkk/getUpdates "HTTP/1.1 200 OK"
2025-04-30 16:32:41,756 - INFO - HTTP Request: POST https://api.telegram.org/bot7353034334:AAHIBjJgdMdrqw_nE-DMX9ziM1mzgwG4jkk/getUpdates "HTTP/1.1 200 OK"
2025-04-30 16:32:43,065 - INFO - HTTP Request: POST https://api.telegram.org/bot7353034334:AAHIBjJgdMdrqw_nE-DMX9ziM1mzgwG4jkk/getUpdates "HTTP/1.1 200 OK"
2025-04-30 16:32:43,463 - INFO - HTTP Request: POST https://api.telegram.org/bot7353034334:AAHIBjJgdMdrqw_nE-DMX9ziM1mzgwG4jkk/getUpdates "HTTP/1.1 200 OK"
2025-04-30 16:32:43,464 - ERROR - No error handlers are registered, logging exception.
Traceback (most recent call last):
  File "C:\Users\User\Desktop\gpt\.venv\Lib\site-packages\telegram\ext\_application.py", line 1234, in process_update
    await coroutine
  File "C:\Users\User\Desktop\gpt\.venv\Lib\site-packages\telegram\ext\_basehandler.py", line 157, in handle_update
    return await self.callback(update, context)
           ^^^^^^^^^^^^^^^^^^^^^^^^^^^^^^^^^^^^
  File "c:\Users\User\Desktop\gpt\.vscode\python bot.py", line 78, in start
    if data[user_id].get("username") != username:
       ^^^^^^^^^^^^^^^^^
AttributeError: 'list' object has no attribute 'get'
2025-04-30 16:32:53,624 - INFO - HTTP Request: POST https://api.telegram.org/bot7353034334:AAHIBjJgdMdrqw_nE-DMX9ziM1mzgwG4jkk/getUpdates "HTTP/1.1 200 OK"
2025-04-30 16:32:58,679 - INFO - HTTP Request: POST https://api.telegram.org/bot7353034334:AAHIBjJgdMdrqw_nE-DMX9ziM1mzgwG4jkk/getUpdates "HTTP/1.1 200 OK"
2025-04-30 16:32:58,680 - ERROR - No error handlers are registered, logging exception.
Traceback (most recent call last):
  File "C:\Users\User\Desktop\gpt\.venv\Lib\site-packages\telegram\ext\_application.py", line 1234, in process_update
    await coroutine
  File "C:\Users\User\Desktop\gpt\.venv\Lib\site-packages\telegram\ext\_basehandler.py", line 157, in handle_update
    return await self.callback(update, context)
           ^^^^^^^^^^^^^^^^^^^^^^^^^^^^^^^^^^^^
  File "c:\Users\User\Desktop\gpt\.vscode\python bot.py", line 102, in news
    topics = data.get(user_id, {}).get("topics", [])
             ^^^^^^^^^^^^^^^^^^^^^^^^^
AttributeError: 'list' object has no attribute 'get'
2025-04-30 16:33:09,147 - INFO - HTTP Request: POST https://api.telegram.org/bot7353034334:AAHIBjJgdMdrqw_nE-DMX9ziM1mzgwG4jkk/getUpdates "HTTP/1.1 200 OK"
2025-04-30 16:33:19,241 - INFO - HTTP Request: POST https://api.telegram.org/bot7353034334:AAHIBjJgdMdrqw_nE-DMX9ziM1mzgwG4jkk/getUpdates "HTTP/1.1 200 OK"
2025-04-30 16:33:29,397 - INFO - HTTP Request: POST https://api.telegram.org/bot7353034334:AAHIBjJgdMdrqw_nE-DMX9ziM1mzgwG4jkk/getUpdates "HTTP/1.1 200 OK"
2025-04-30 16:33:39,498 - INFO - HTTP Request: POST https://api.telegram.org/bot7353034334:AAHIBjJgdMdrqw_nE-DMX9ziM1mzgwG4jkk/getUpdates "HTTP/1.1 200 OK"
2025-04-30 16:33:49,584 - INFO - HTTP Request: POST https://api.telegram.org/bot7353034334:AAHIBjJgdMdrqw_nE-DMX9ziM1mzgwG4jkk/getUpdates "HTTP/1.1 200 OK"
2025-04-30 16:33:59,667 - INFO - HTTP Request: POST https://api.telegram.org/bot7353034334:AAHIBjJgdMdrqw_nE-DMX9ziM1mzgwG4jkk/getUpdates "HTTP/1.1 200 OK"
2025-04-30 16:34:09,746 - INFO - HTTP Request: POST https://api.telegram.org/bot7353034334:AAHIBjJgdMdrqw_nE-DMX9ziM1mzgwG4jkk/getUpdates "HTTP/1.1 200 OK"
2025-04-30 16:34:19,808 - INFO - HTTP Request: POST https://api.telegram.org/bot7353034334:AAHIBjJgdMdrqw_nE-DMX9ziM1mzgwG4jkk/getUpdates "HTTP/1.1 200 OK"
2025-04-30 16:34:36,632 - INFO - Adding job tentatively -- it will be properly scheduled when the scheduler starts
2025-04-30 16:34:36,632 - INFO - Added job "<lambda>" to job store "default"
2025-04-30 16:34:36,632 - INFO - Scheduler started
2025-04-30 16:34:36,632 - INFO - Бот запущен
2025-04-30 16:34:37,006 - INFO - HTTP Request: POST https://api.telegram.org/bot7353034334:AAHIBjJgdMdrqw_nE-DMX9ziM1mzgwG4jkk/getMe "HTTP/1.1 200 OK"
2025-04-30 16:34:37,062 - INFO - HTTP Request: POST https://api.telegram.org/bot7353034334:AAHIBjJgdMdrqw_nE-DMX9ziM1mzgwG4jkk/deleteWebhook "HTTP/1.1 200 OK"
2025-04-30 16:34:37,065 - INFO - Application started
2025-04-30 16:34:47,364 - INFO - HTTP Request: POST https://api.telegram.org/bot7353034334:AAHIBjJgdMdrqw_nE-DMX9ziM1mzgwG4jkk/getUpdates "HTTP/1.1 200 OK"
2025-04-30 16:34:54,452 - INFO - HTTP Request: POST https://api.telegram.org/bot7353034334:AAHIBjJgdMdrqw_nE-DMX9ziM1mzgwG4jkk/getUpdates "HTTP/1.1 200 OK"
2025-04-30 16:34:54,452 - ERROR - No error handlers are registered, logging exception.
Traceback (most recent call last):
  File "C:\Users\User\Desktop\gpt\.venv\Lib\site-packages\telegram\ext\_application.py", line 1234, in process_update
    await coroutine
  File "C:\Users\User\Desktop\gpt\.venv\Lib\site-packages\telegram\ext\_basehandler.py", line 157, in handle_update
    return await self.callback(update, context)
           ^^^^^^^^^^^^^^^^^^^^^^^^^^^^^^^^^^^^
  File "c:\Users\User\Desktop\gpt\.vscode\python bot.py", line 102, in news
    topics = data.get(user_id, {}).get("topics", [])
             ^^^^^^^^^^^^^^^^^^^^^^^^^
AttributeError: 'list' object has no attribute 'get'
2025-04-30 16:35:04,544 - INFO - HTTP Request: POST https://api.telegram.org/bot7353034334:AAHIBjJgdMdrqw_nE-DMX9ziM1mzgwG4jkk/getUpdates "HTTP/1.1 200 OK"
2025-04-30 16:35:14,613 - INFO - HTTP Request: POST https://api.telegram.org/bot7353034334:AAHIBjJgdMdrqw_nE-DMX9ziM1mzgwG4jkk/getUpdates "HTTP/1.1 200 OK"
2025-04-30 16:35:24,709 - INFO - HTTP Request: POST https://api.telegram.org/bot7353034334:AAHIBjJgdMdrqw_nE-DMX9ziM1mzgwG4jkk/getUpdates "HTTP/1.1 200 OK"
2025-04-30 16:35:34,830 - INFO - HTTP Request: POST https://api.telegram.org/bot7353034334:AAHIBjJgdMdrqw_nE-DMX9ziM1mzgwG4jkk/getUpdates "HTTP/1.1 200 OK"
2025-04-30 16:35:44,956 - INFO - HTTP Request: POST https://api.telegram.org/bot7353034334:AAHIBjJgdMdrqw_nE-DMX9ziM1mzgwG4jkk/getUpdates "HTTP/1.1 200 OK"
2025-04-30 16:35:55,242 - INFO - HTTP Request: POST https://api.telegram.org/bot7353034334:AAHIBjJgdMdrqw_nE-DMX9ziM1mzgwG4jkk/getUpdates "HTTP/1.1 200 OK"
2025-04-30 16:36:05,415 - INFO - HTTP Request: POST https://api.telegram.org/bot7353034334:AAHIBjJgdMdrqw_nE-DMX9ziM1mzgwG4jkk/getUpdates "HTTP/1.1 200 OK"
2025-04-30 16:36:15,534 - INFO - HTTP Request: POST https://api.telegram.org/bot7353034334:AAHIBjJgdMdrqw_nE-DMX9ziM1mzgwG4jkk/getUpdates "HTTP/1.1 200 OK"
2025-04-30 16:36:25,618 - INFO - HTTP Request: POST https://api.telegram.org/bot7353034334:AAHIBjJgdMdrqw_nE-DMX9ziM1mzgwG4jkk/getUpdates "HTTP/1.1 200 OK"
2025-04-30 16:36:30,387 - INFO - HTTP Request: POST https://api.telegram.org/bot7353034334:AAHIBjJgdMdrqw_nE-DMX9ziM1mzgwG4jkk/getUpdates "HTTP/1.1 200 OK"
2025-04-30 16:36:30,387 - INFO - Application is stopping. This might take a moment.
2025-04-30 16:36:30,387 - INFO - Application.stop() complete
2025-04-30 16:38:00,362 - INFO - Adding job tentatively -- it will be properly scheduled when the scheduler starts
2025-04-30 16:38:00,363 - INFO - Added job "<lambda>" to job store "default"
2025-04-30 16:38:00,363 - INFO - Scheduler started
2025-04-30 16:38:00,363 - INFO - Бот запущен
2025-04-30 16:38:01,633 - INFO - HTTP Request: POST https://api.telegram.org/bot7353034334:AAHIBjJgdMdrqw_nE-DMX9ziM1mzgwG4jkk/getMe "HTTP/1.1 200 OK"
2025-04-30 16:38:01,758 - INFO - HTTP Request: POST https://api.telegram.org/bot7353034334:AAHIBjJgdMdrqw_nE-DMX9ziM1mzgwG4jkk/deleteWebhook "HTTP/1.1 200 OK"
2025-04-30 16:38:01,761 - INFO - Application started
2025-04-30 16:38:12,318 - INFO - HTTP Request: POST https://api.telegram.org/bot7353034334:AAHIBjJgdMdrqw_nE-DMX9ziM1mzgwG4jkk/getUpdates "HTTP/1.1 200 OK"
2025-04-30 16:38:22,399 - INFO - HTTP Request: POST https://api.telegram.org/bot7353034334:AAHIBjJgdMdrqw_nE-DMX9ziM1mzgwG4jkk/getUpdates "HTTP/1.1 200 OK"
2025-04-30 16:38:25,937 - INFO - HTTP Request: POST https://api.telegram.org/bot7353034334:AAHIBjJgdMdrqw_nE-DMX9ziM1mzgwG4jkk/getUpdates "HTTP/1.1 200 OK"
2025-04-30 16:38:25,938 - ERROR - No error handlers are registered, logging exception.
Traceback (most recent call last):
  File "C:\Users\User\Desktop\gpt\.venv\Lib\site-packages\telegram\ext\_application.py", line 1234, in process_update
    await coroutine
  File "C:\Users\User\Desktop\gpt\.venv\Lib\site-packages\telegram\ext\_basehandler.py", line 157, in handle_update
    return await self.callback(update, context)
           ^^^^^^^^^^^^^^^^^^^^^^^^^^^^^^^^^^^^
  File "c:\Users\User\Desktop\gpt\.vscode\python bot.py", line 81, in start
    if data[user_id].get("username") != username:
       ^^^^^^^^^^^^^^^^^
AttributeError: 'list' object has no attribute 'get'
2025-04-30 16:38:27,188 - INFO - HTTP Request: POST https://api.telegram.org/bot7353034334:AAHIBjJgdMdrqw_nE-DMX9ziM1mzgwG4jkk/getUpdates "HTTP/1.1 200 OK"
2025-04-30 16:38:27,189 - ERROR - No error handlers are registered, logging exception.
Traceback (most recent call last):
  File "C:\Users\User\Desktop\gpt\.venv\Lib\site-packages\telegram\ext\_application.py", line 1234, in process_update
    await coroutine
  File "C:\Users\User\Desktop\gpt\.venv\Lib\site-packages\telegram\ext\_basehandler.py", line 157, in handle_update
    return await self.callback(update, context)
           ^^^^^^^^^^^^^^^^^^^^^^^^^^^^^^^^^^^^
  File "c:\Users\User\Desktop\gpt\.vscode\python bot.py", line 105, in news
    topics = data.get(user_id, {}).get("topics", [])
             ^^^^^^^^^^^^^^^^^^^^^^^^^
AttributeError: 'list' object has no attribute 'get'
2025-04-30 16:38:37,301 - INFO - HTTP Request: POST https://api.telegram.org/bot7353034334:AAHIBjJgdMdrqw_nE-DMX9ziM1mzgwG4jkk/getUpdates "HTTP/1.1 200 OK"
2025-04-30 16:38:47,382 - INFO - HTTP Request: POST https://api.telegram.org/bot7353034334:AAHIBjJgdMdrqw_nE-DMX9ziM1mzgwG4jkk/getUpdates "HTTP/1.1 200 OK"
2025-04-30 16:38:57,457 - INFO - HTTP Request: POST https://api.telegram.org/bot7353034334:AAHIBjJgdMdrqw_nE-DMX9ziM1mzgwG4jkk/getUpdates "HTTP/1.1 200 OK"
2025-04-30 16:39:07,563 - INFO - HTTP Request: POST https://api.telegram.org/bot7353034334:AAHIBjJgdMdrqw_nE-DMX9ziM1mzgwG4jkk/getUpdates "HTTP/1.1 200 OK"
2025-04-30 16:39:17,673 - INFO - HTTP Request: POST https://api.telegram.org/bot7353034334:AAHIBjJgdMdrqw_nE-DMX9ziM1mzgwG4jkk/getUpdates "HTTP/1.1 200 OK"
2025-04-30 16:39:27,729 - INFO - HTTP Request: POST https://api.telegram.org/bot7353034334:AAHIBjJgdMdrqw_nE-DMX9ziM1mzgwG4jkk/getUpdates "HTTP/1.1 200 OK"
2025-04-30 16:39:37,928 - INFO - HTTP Request: POST https://api.telegram.org/bot7353034334:AAHIBjJgdMdrqw_nE-DMX9ziM1mzgwG4jkk/getUpdates "HTTP/1.1 200 OK"
2025-04-30 16:39:47,999 - INFO - HTTP Request: POST https://api.telegram.org/bot7353034334:AAHIBjJgdMdrqw_nE-DMX9ziM1mzgwG4jkk/getUpdates "HTTP/1.1 200 OK"
2025-04-30 16:39:58,080 - INFO - HTTP Request: POST https://api.telegram.org/bot7353034334:AAHIBjJgdMdrqw_nE-DMX9ziM1mzgwG4jkk/getUpdates "HTTP/1.1 200 OK"
2025-04-30 16:40:08,160 - INFO - HTTP Request: POST https://api.telegram.org/bot7353034334:AAHIBjJgdMdrqw_nE-DMX9ziM1mzgwG4jkk/getUpdates "HTTP/1.1 200 OK"
2025-04-30 16:40:18,215 - INFO - HTTP Request: POST https://api.telegram.org/bot7353034334:AAHIBjJgdMdrqw_nE-DMX9ziM1mzgwG4jkk/getUpdates "HTTP/1.1 200 OK"
2025-04-30 16:40:25,308 - INFO - HTTP Request: POST https://api.telegram.org/bot7353034334:AAHIBjJgdMdrqw_nE-DMX9ziM1mzgwG4jkk/getUpdates "HTTP/1.1 200 OK"
2025-04-30 16:40:25,310 - INFO - Application is stopping. This might take a moment.
2025-04-30 16:40:25,310 - INFO - Application.stop() complete
2025-04-30 16:44:01,282 - INFO - Adding job tentatively -- it will be properly scheduled when the scheduler starts
2025-04-30 16:44:01,283 - INFO - Added job "<lambda>" to job store "default"
2025-04-30 16:44:01,283 - INFO - Scheduler started
2025-04-30 16:44:01,283 - INFO - Бот запущен
2025-04-30 16:44:01,986 - INFO - HTTP Request: POST https://api.telegram.org/bot7353034334:AAHIBjJgdMdrqw_nE-DMX9ziM1mzgwG4jkk/getMe "HTTP/1.1 200 OK"
2025-04-30 16:44:02,122 - INFO - HTTP Request: POST https://api.telegram.org/bot7353034334:AAHIBjJgdMdrqw_nE-DMX9ziM1mzgwG4jkk/deleteWebhook "HTTP/1.1 200 OK"
2025-04-30 16:44:02,123 - INFO - Application started
2025-04-30 16:44:02,779 - INFO - HTTP Request: POST https://api.telegram.org/bot7353034334:AAHIBjJgdMdrqw_nE-DMX9ziM1mzgwG4jkk/getUpdates "HTTP/1.1 200 OK"
2025-04-30 16:44:02,784 - INFO - Новый пользователь: 6699601390 (@Mikhaylov_Leo)
2025-04-30 16:44:02,943 - INFO - HTTP Request: POST https://api.telegram.org/bot7353034334:AAHIBjJgdMdrqw_nE-DMX9ziM1mzgwG4jkk/sendMessage "HTTP/1.1 200 OK"
2025-04-30 16:44:03,120 - INFO - HTTP Request: POST https://api.telegram.org/bot7353034334:AAHIBjJgdMdrqw_nE-DMX9ziM1mzgwG4jkk/sendMessage "HTTP/1.1 200 OK"
2025-04-30 16:44:03,321 - INFO - HTTP Request: POST https://api.telegram.org/bot7353034334:AAHIBjJgdMdrqw_nE-DMX9ziM1mzgwG4jkk/sendMessage "HTTP/1.1 200 OK"
2025-04-30 16:44:12,951 - INFO - HTTP Request: POST https://api.telegram.org/bot7353034334:AAHIBjJgdMdrqw_nE-DMX9ziM1mzgwG4jkk/getUpdates "HTTP/1.1 200 OK"
2025-04-30 16:44:15,204 - INFO - HTTP Request: POST https://api.telegram.org/bot7353034334:AAHIBjJgdMdrqw_nE-DMX9ziM1mzgwG4jkk/getUpdates "HTTP/1.1 200 OK"
2025-04-30 16:44:16,016 - INFO - HTTP Request: POST https://api.telegram.org/bot7353034334:AAHIBjJgdMdrqw_nE-DMX9ziM1mzgwG4jkk/sendMessage "HTTP/1.1 200 OK"
2025-04-30 16:44:18,707 - INFO - HTTP Request: POST https://api.telegram.org/bot7353034334:AAHIBjJgdMdrqw_nE-DMX9ziM1mzgwG4jkk/getUpdates "HTTP/1.1 200 OK"
2025-04-30 16:44:18,781 - INFO - HTTP Request: POST https://api.telegram.org/bot7353034334:AAHIBjJgdMdrqw_nE-DMX9ziM1mzgwG4jkk/sendMessage "HTTP/1.1 200 OK"
2025-04-30 16:44:20,723 - INFO - HTTP Request: POST https://api.telegram.org/bot7353034334:AAHIBjJgdMdrqw_nE-DMX9ziM1mzgwG4jkk/getUpdates "HTTP/1.1 200 OK"
2025-04-30 16:44:20,841 - INFO - HTTP Request: POST https://api.telegram.org/bot7353034334:AAHIBjJgdMdrqw_nE-DMX9ziM1mzgwG4jkk/answerCallbackQuery "HTTP/1.1 200 OK"
2025-04-30 16:44:20,843 - INFO - Подписка: 6699601390 (@Mikhaylov_Leo) \u2192 главное
2025-04-30 16:44:20,966 - INFO - HTTP Request: POST https://api.telegram.org/bot7353034334:AAHIBjJgdMdrqw_nE-DMX9ziM1mzgwG4jkk/editMessageText "HTTP/1.1 200 OK"
2025-04-30 16:44:24,602 - INFO - HTTP Request: POST https://api.telegram.org/bot7353034334:AAHIBjJgdMdrqw_nE-DMX9ziM1mzgwG4jkk/getUpdates "HTTP/1.1 200 OK"
2025-04-30 16:44:24,705 - INFO - HTTP Request: POST https://api.telegram.org/bot7353034334:AAHIBjJgdMdrqw_nE-DMX9ziM1mzgwG4jkk/sendMessage "HTTP/1.1 200 OK"
2025-04-30 16:44:27,436 - INFO - HTTP Request: POST https://api.telegram.org/bot7353034334:AAHIBjJgdMdrqw_nE-DMX9ziM1mzgwG4jkk/getUpdates "HTTP/1.1 200 OK"
2025-04-30 16:44:28,266 - INFO - HTTP Request: POST https://api.telegram.org/bot7353034334:AAHIBjJgdMdrqw_nE-DMX9ziM1mzgwG4jkk/sendMessage "HTTP/1.1 200 OK"
2025-04-30 16:44:33,367 - INFO - HTTP Request: POST https://api.telegram.org/bot7353034334:AAHIBjJgdMdrqw_nE-DMX9ziM1mzgwG4jkk/getUpdates "HTTP/1.1 200 OK"
2025-04-30 16:44:34,350 - INFO - HTTP Request: POST https://api.telegram.org/bot7353034334:AAHIBjJgdMdrqw_nE-DMX9ziM1mzgwG4jkk/sendMessage "HTTP/1.1 200 OK"
2025-04-30 16:44:43,577 - INFO - HTTP Request: POST https://api.telegram.org/bot7353034334:AAHIBjJgdMdrqw_nE-DMX9ziM1mzgwG4jkk/getUpdates "HTTP/1.1 200 OK"
2025-04-30 16:44:53,686 - INFO - HTTP Request: POST https://api.telegram.org/bot7353034334:AAHIBjJgdMdrqw_nE-DMX9ziM1mzgwG4jkk/getUpdates "HTTP/1.1 200 OK"
2025-04-30 16:45:03,740 - INFO - HTTP Request: POST https://api.telegram.org/bot7353034334:AAHIBjJgdMdrqw_nE-DMX9ziM1mzgwG4jkk/getUpdates "HTTP/1.1 200 OK"
2025-04-30 16:45:13,853 - INFO - HTTP Request: POST https://api.telegram.org/bot7353034334:AAHIBjJgdMdrqw_nE-DMX9ziM1mzgwG4jkk/getUpdates "HTTP/1.1 200 OK"
2025-04-30 16:45:23,964 - INFO - HTTP Request: POST https://api.telegram.org/bot7353034334:AAHIBjJgdMdrqw_nE-DMX9ziM1mzgwG4jkk/getUpdates "HTTP/1.1 200 OK"
2025-04-30 16:45:34,085 - INFO - HTTP Request: POST https://api.telegram.org/bot7353034334:AAHIBjJgdMdrqw_nE-DMX9ziM1mzgwG4jkk/getUpdates "HTTP/1.1 200 OK"
2025-04-30 16:45:44,196 - INFO - HTTP Request: POST https://api.telegram.org/bot7353034334:AAHIBjJgdMdrqw_nE-DMX9ziM1mzgwG4jkk/getUpdates "HTTP/1.1 200 OK"
2025-04-30 16:45:54,325 - INFO - HTTP Request: POST https://api.telegram.org/bot7353034334:AAHIBjJgdMdrqw_nE-DMX9ziM1mzgwG4jkk/getUpdates "HTTP/1.1 200 OK"
2025-04-30 16:46:04,480 - INFO - HTTP Request: POST https://api.telegram.org/bot7353034334:AAHIBjJgdMdrqw_nE-DMX9ziM1mzgwG4jkk/getUpdates "HTTP/1.1 200 OK"
2025-04-30 16:46:14,580 - INFO - HTTP Request: POST https://api.telegram.org/bot7353034334:AAHIBjJgdMdrqw_nE-DMX9ziM1mzgwG4jkk/getUpdates "HTTP/1.1 200 OK"
2025-04-30 16:46:24,638 - INFO - HTTP Request: POST https://api.telegram.org/bot7353034334:AAHIBjJgdMdrqw_nE-DMX9ziM1mzgwG4jkk/getUpdates "HTTP/1.1 200 OK"
2025-04-30 16:46:34,699 - INFO - HTTP Request: POST https://api.telegram.org/bot7353034334:AAHIBjJgdMdrqw_nE-DMX9ziM1mzgwG4jkk/getUpdates "HTTP/1.1 200 OK"
2025-04-30 16:46:44,810 - INFO - HTTP Request: POST https://api.telegram.org/bot7353034334:AAHIBjJgdMdrqw_nE-DMX9ziM1mzgwG4jkk/getUpdates "HTTP/1.1 200 OK"
2025-04-30 16:46:54,945 - INFO - HTTP Request: POST https://api.telegram.org/bot7353034334:AAHIBjJgdMdrqw_nE-DMX9ziM1mzgwG4jkk/getUpdates "HTTP/1.1 200 OK"
2025-04-30 16:47:05,035 - INFO - HTTP Request: POST https://api.telegram.org/bot7353034334:AAHIBjJgdMdrqw_nE-DMX9ziM1mzgwG4jkk/getUpdates "HTTP/1.1 200 OK"
2025-04-30 16:47:15,112 - INFO - HTTP Request: POST https://api.telegram.org/bot7353034334:AAHIBjJgdMdrqw_nE-DMX9ziM1mzgwG4jkk/getUpdates "HTTP/1.1 200 OK"
2025-04-30 16:47:25,199 - INFO - HTTP Request: POST https://api.telegram.org/bot7353034334:AAHIBjJgdMdrqw_nE-DMX9ziM1mzgwG4jkk/getUpdates "HTTP/1.1 200 OK"
2025-04-30 16:47:30,755 - INFO - HTTP Request: POST https://api.telegram.org/bot7353034334:AAHIBjJgdMdrqw_nE-DMX9ziM1mzgwG4jkk/getUpdates "HTTP/1.1 200 OK"
2025-04-30 16:47:31,377 - INFO - HTTP Request: POST https://api.telegram.org/bot7353034334:AAHIBjJgdMdrqw_nE-DMX9ziM1mzgwG4jkk/sendMessage "HTTP/1.1 200 OK"
2025-04-30 16:47:32,762 - ERROR - Error while getting Updates: Unknown error in HTTP implementation: SSLError(1, '[SSL: DECRYPTION_FAILED_OR_BAD_RECORD_MAC] decryption failed or bad record mac (_ssl.c:2559)')
2025-04-30 16:47:32,763 - ERROR - No error handlers are registered, logging exception.
Traceback (most recent call last):
  File "C:\Users\User\Desktop\gpt\.venv\Lib\site-packages\telegram\request\_baserequest.py", line 330, in _request_wrapper
    code, payload = await self.do_request(
                    ^^^^^^^^^^^^^^^^^^^^^^
  File "C:\Users\User\Desktop\gpt\.venv\Lib\site-packages\telegram\request\_httpxrequest.py", line 268, in do_request
    res = await self._client.request(
          ^^^^^^^^^^^^^^^^^^^^^^^^^^^
  File "C:\Users\User\Desktop\gpt\.venv\Lib\site-packages\httpx\_client.py", line 1530, in request
    return await self.send(request, auth=auth, follow_redirects=follow_redirects)
           ^^^^^^^^^^^^^^^^^^^^^^^^^^^^^^^^^^^^^^^^^^^^^^^^^^^^^^^^^^^^^^^^^^^^^^
  File "C:\Users\User\Desktop\gpt\.venv\Lib\site-packages\httpx\_client.py", line 1617, in send
    response = await self._send_handling_auth(
               ^^^^^^^^^^^^^^^^^^^^^^^^^^^^^^^
  File "C:\Users\User\Desktop\gpt\.venv\Lib\site-packages\httpx\_client.py", line 1645, in _send_handling_auth
    response = await self._send_handling_redirects(
               ^^^^^^^^^^^^^^^^^^^^^^^^^^^^^^^^^^^^
  File "C:\Users\User\Desktop\gpt\.venv\Lib\site-packages\httpx\_client.py", line 1682, in _send_handling_redirects
    response = await self._send_single_request(request)
               ^^^^^^^^^^^^^^^^^^^^^^^^^^^^^^^^^^^^^^^^
  File "C:\Users\User\Desktop\gpt\.venv\Lib\site-packages\httpx\_client.py", line 1719, in _send_single_request
    response = await transport.handle_async_request(request)
               ^^^^^^^^^^^^^^^^^^^^^^^^^^^^^^^^^^^^^^^^^^^^^
  File "C:\Users\User\Desktop\gpt\.venv\Lib\site-packages\httpx\_transports\default.py", line 366, in handle_async_request
    resp = await self._pool.handle_async_request(req)
           ^^^^^^^^^^^^^^^^^^^^^^^^^^^^^^^^^^^^^^^^^^
  File "C:\Users\User\Desktop\gpt\.venv\Lib\site-packages\httpcore\_async\connection_pool.py", line 256, in handle_async_request
    raise exc from None
  File "C:\Users\User\Desktop\gpt\.venv\Lib\site-packages\httpcore\_async\connection_pool.py", line 236, in handle_async_request
    response = await connection.handle_async_request(
               ^^^^^^^^^^^^^^^^^^^^^^^^^^^^^^^^^^^^^^
  File "C:\Users\User\Desktop\gpt\.venv\Lib\site-packages\httpcore\_async\http_proxy.py", line 343, in handle_async_request
    return await self._connection.handle_async_request(request)
           ^^^^^^^^^^^^^^^^^^^^^^^^^^^^^^^^^^^^^^^^^^^^^^^^^^^^
  File "C:\Users\User\Desktop\gpt\.venv\Lib\site-packages\httpcore\_async\http11.py", line 136, in handle_async_request
    raise exc
  File "C:\Users\User\Desktop\gpt\.venv\Lib\site-packages\httpcore\_async\http11.py", line 106, in handle_async_request
    ) = await self._receive_response_headers(**kwargs)
        ^^^^^^^^^^^^^^^^^^^^^^^^^^^^^^^^^^^^^^^^^^^^^^
  File "C:\Users\User\Desktop\gpt\.venv\Lib\site-packages\httpcore\_async\http11.py", line 177, in _receive_response_headers
    event = await self._receive_event(timeout=timeout)
            ^^^^^^^^^^^^^^^^^^^^^^^^^^^^^^^^^^^^^^^^^^
  File "C:\Users\User\Desktop\gpt\.venv\Lib\site-packages\httpcore\_async\http11.py", line 217, in _receive_event
    data = await self._network_stream.read(
           ^^^^^^^^^^^^^^^^^^^^^^^^^^^^^^^^
  File "C:\Users\User\Desktop\gpt\.venv\Lib\site-packages\httpcore\_backends\anyio.py", line 35, in read
    return await self._stream.receive(max_bytes=max_bytes)
           ^^^^^^^^^^^^^^^^^^^^^^^^^^^^^^^^^^^^^^^^^^^^^^^
  File "C:\Users\User\Desktop\gpt\.venv\Lib\site-packages\anyio\streams\tls.py", line 219, in receive
    data = await self._call_sslobject_method(self._ssl_object.read, max_bytes)
           ^^^^^^^^^^^^^^^^^^^^^^^^^^^^^^^^^^^^^^^^^^^^^^^^^^^^^^^^^^^^^^^^^^^
  File "C:\Users\User\Desktop\gpt\.venv\Lib\site-packages\anyio\streams\tls.py", line 155, in _call_sslobject_method
    result = func(*args)
             ^^^^^^^^^^^
  File "C:\Users\User\AppData\Local\Programs\Python\Python312\Lib\ssl.py", line 859, in read
    v = self._sslobj.read(len)
        ^^^^^^^^^^^^^^^^^^^^^^
ssl.SSLError: [SSL: DECRYPTION_FAILED_OR_BAD_RECORD_MAC] decryption failed or bad record mac (_ssl.c:2559)

The above exception was the direct cause of the following exception:

Traceback (most recent call last):
  File "C:\Users\User\Desktop\gpt\.venv\Lib\site-packages\telegram\ext\_updater.py", line 688, in _network_loop_retry
    if not await action_cb():
           ^^^^^^^^^^^^^^^^^
  File "C:\Users\User\Desktop\gpt\.venv\Lib\site-packages\telegram\ext\_updater.py", line 384, in polling_action_cb
    raise exc
  File "C:\Users\User\Desktop\gpt\.venv\Lib\site-packages\telegram\ext\_updater.py", line 373, in polling_action_cb
    updates = await self.bot.get_updates(
              ^^^^^^^^^^^^^^^^^^^^^^^^^^^
  File "C:\Users\User\Desktop\gpt\.venv\Lib\site-packages\telegram\ext\_extbot.py", line 558, in get_updates
    updates = await super().get_updates(
              ^^^^^^^^^^^^^^^^^^^^^^^^^^
  File "C:\Users\User\Desktop\gpt\.venv\Lib\site-packages\telegram\_bot.py", line 525, in decorator
    result = await func(self, *args, **kwargs)  # skipcq: PYL-E1102
             ^^^^^^^^^^^^^^^^^^^^^^^^^^^^^^^^^
  File "C:\Users\User\Desktop\gpt\.venv\Lib\site-packages\telegram\_bot.py", line 3584, in get_updates
    await self._post(
  File "C:\Users\User\Desktop\gpt\.venv\Lib\site-packages\telegram\_bot.py", line 613, in _post
    return await self._do_post(
           ^^^^^^^^^^^^^^^^^^^^
  File "C:\Users\User\Desktop\gpt\.venv\Lib\site-packages\telegram\ext\_extbot.py", line 340, in _do_post
    return await super()._do_post(
           ^^^^^^^^^^^^^^^^^^^^^^^
  File "C:\Users\User\Desktop\gpt\.venv\Lib\site-packages\telegram\_bot.py", line 641, in _do_post
    return await request.post(
           ^^^^^^^^^^^^^^^^^^^
  File "C:\Users\User\Desktop\gpt\.venv\Lib\site-packages\telegram\request\_baserequest.py", line 200, in post
    result = await self._request_wrapper(
             ^^^^^^^^^^^^^^^^^^^^^^^^^^^^
  File "C:\Users\User\Desktop\gpt\.venv\Lib\site-packages\telegram\request\_baserequest.py", line 342, in _request_wrapper
    raise NetworkError(f"Unknown error in HTTP implementation: {exc!r}") from exc
telegram.error.NetworkError: Unknown error in HTTP implementation: SSLError(1, '[SSL: DECRYPTION_FAILED_OR_BAD_RECORD_MAC] decryption failed or bad record mac (_ssl.c:2559)')
2025-04-30 16:47:44,081 - INFO - HTTP Request: POST https://api.telegram.org/bot7353034334:AAHIBjJgdMdrqw_nE-DMX9ziM1mzgwG4jkk/getUpdates "HTTP/1.1 200 OK"
2025-04-30 16:47:54,138 - INFO - HTTP Request: POST https://api.telegram.org/bot7353034334:AAHIBjJgdMdrqw_nE-DMX9ziM1mzgwG4jkk/getUpdates "HTTP/1.1 200 OK"
2025-04-30 16:48:04,212 - INFO - HTTP Request: POST https://api.telegram.org/bot7353034334:AAHIBjJgdMdrqw_nE-DMX9ziM1mzgwG4jkk/getUpdates "HTTP/1.1 200 OK"
2025-04-30 16:48:11,538 - INFO - HTTP Request: POST https://api.telegram.org/bot7353034334:AAHIBjJgdMdrqw_nE-DMX9ziM1mzgwG4jkk/getUpdates "HTTP/1.1 200 OK"
2025-04-30 16:48:12,081 - INFO - HTTP Request: POST https://api.telegram.org/bot7353034334:AAHIBjJgdMdrqw_nE-DMX9ziM1mzgwG4jkk/sendMessage "HTTP/1.1 200 OK"
2025-04-30 16:48:20,775 - INFO - HTTP Request: POST https://api.telegram.org/bot7353034334:AAHIBjJgdMdrqw_nE-DMX9ziM1mzgwG4jkk/getUpdates "HTTP/1.1 200 OK"
2025-04-30 16:48:21,046 - INFO - HTTP Request: POST https://api.telegram.org/bot7353034334:AAHIBjJgdMdrqw_nE-DMX9ziM1mzgwG4jkk/sendMessage "HTTP/1.1 200 OK"
2025-04-30 16:48:27,699 - INFO - HTTP Request: POST https://api.telegram.org/bot7353034334:AAHIBjJgdMdrqw_nE-DMX9ziM1mzgwG4jkk/getUpdates "HTTP/1.1 200 OK"
2025-04-30 16:48:30,076 - INFO - HTTP Request: POST https://api.telegram.org/bot7353034334:AAHIBjJgdMdrqw_nE-DMX9ziM1mzgwG4jkk/sendMessage "HTTP/1.1 200 OK"
2025-04-30 16:48:38,698 - INFO - HTTP Request: POST https://api.telegram.org/bot7353034334:AAHIBjJgdMdrqw_nE-DMX9ziM1mzgwG4jkk/getUpdates "HTTP/1.1 200 OK"
2025-04-30 16:48:48,761 - INFO - HTTP Request: POST https://api.telegram.org/bot7353034334:AAHIBjJgdMdrqw_nE-DMX9ziM1mzgwG4jkk/getUpdates "HTTP/1.1 200 OK"
2025-04-30 16:48:58,833 - INFO - HTTP Request: POST https://api.telegram.org/bot7353034334:AAHIBjJgdMdrqw_nE-DMX9ziM1mzgwG4jkk/getUpdates "HTTP/1.1 200 OK"
2025-04-30 16:49:08,909 - INFO - HTTP Request: POST https://api.telegram.org/bot7353034334:AAHIBjJgdMdrqw_nE-DMX9ziM1mzgwG4jkk/getUpdates "HTTP/1.1 200 OK"
2025-04-30 16:49:18,999 - INFO - HTTP Request: POST https://api.telegram.org/bot7353034334:AAHIBjJgdMdrqw_nE-DMX9ziM1mzgwG4jkk/getUpdates "HTTP/1.1 200 OK"
2025-04-30 16:49:29,089 - INFO - HTTP Request: POST https://api.telegram.org/bot7353034334:AAHIBjJgdMdrqw_nE-DMX9ziM1mzgwG4jkk/getUpdates "HTTP/1.1 200 OK"
2025-04-30 16:49:39,169 - INFO - HTTP Request: POST https://api.telegram.org/bot7353034334:AAHIBjJgdMdrqw_nE-DMX9ziM1mzgwG4jkk/getUpdates "HTTP/1.1 200 OK"
2025-04-30 16:49:49,328 - INFO - HTTP Request: POST https://api.telegram.org/bot7353034334:AAHIBjJgdMdrqw_nE-DMX9ziM1mzgwG4jkk/getUpdates "HTTP/1.1 200 OK"
2025-04-30 16:49:59,415 - INFO - HTTP Request: POST https://api.telegram.org/bot7353034334:AAHIBjJgdMdrqw_nE-DMX9ziM1mzgwG4jkk/getUpdates "HTTP/1.1 200 OK"
2025-04-30 16:50:09,477 - INFO - HTTP Request: POST https://api.telegram.org/bot7353034334:AAHIBjJgdMdrqw_nE-DMX9ziM1mzgwG4jkk/getUpdates "HTTP/1.1 200 OK"
2025-04-30 16:50:19,546 - INFO - HTTP Request: POST https://api.telegram.org/bot7353034334:AAHIBjJgdMdrqw_nE-DMX9ziM1mzgwG4jkk/getUpdates "HTTP/1.1 200 OK"
2025-04-30 16:50:29,641 - INFO - HTTP Request: POST https://api.telegram.org/bot7353034334:AAHIBjJgdMdrqw_nE-DMX9ziM1mzgwG4jkk/getUpdates "HTTP/1.1 200 OK"
2025-04-30 16:50:39,748 - INFO - HTTP Request: POST https://api.telegram.org/bot7353034334:AAHIBjJgdMdrqw_nE-DMX9ziM1mzgwG4jkk/getUpdates "HTTP/1.1 200 OK"
2025-04-30 16:50:49,865 - INFO - HTTP Request: POST https://api.telegram.org/bot7353034334:AAHIBjJgdMdrqw_nE-DMX9ziM1mzgwG4jkk/getUpdates "HTTP/1.1 200 OK"
2025-04-30 16:50:59,974 - INFO - HTTP Request: POST https://api.telegram.org/bot7353034334:AAHIBjJgdMdrqw_nE-DMX9ziM1mzgwG4jkk/getUpdates "HTTP/1.1 200 OK"
2025-04-30 16:51:10,038 - INFO - HTTP Request: POST https://api.telegram.org/bot7353034334:AAHIBjJgdMdrqw_nE-DMX9ziM1mzgwG4jkk/getUpdates "HTTP/1.1 200 OK"
2025-04-30 16:51:20,113 - INFO - HTTP Request: POST https://api.telegram.org/bot7353034334:AAHIBjJgdMdrqw_nE-DMX9ziM1mzgwG4jkk/getUpdates "HTTP/1.1 200 OK"
2025-04-30 16:51:30,193 - INFO - HTTP Request: POST https://api.telegram.org/bot7353034334:AAHIBjJgdMdrqw_nE-DMX9ziM1mzgwG4jkk/getUpdates "HTTP/1.1 200 OK"
2025-04-30 16:51:40,256 - INFO - HTTP Request: POST https://api.telegram.org/bot7353034334:AAHIBjJgdMdrqw_nE-DMX9ziM1mzgwG4jkk/getUpdates "HTTP/1.1 200 OK"
2025-04-30 16:51:50,326 - INFO - HTTP Request: POST https://api.telegram.org/bot7353034334:AAHIBjJgdMdrqw_nE-DMX9ziM1mzgwG4jkk/getUpdates "HTTP/1.1 200 OK"
2025-04-30 16:52:00,405 - INFO - HTTP Request: POST https://api.telegram.org/bot7353034334:AAHIBjJgdMdrqw_nE-DMX9ziM1mzgwG4jkk/getUpdates "HTTP/1.1 200 OK"
2025-04-30 16:52:10,730 - INFO - HTTP Request: POST https://api.telegram.org/bot7353034334:AAHIBjJgdMdrqw_nE-DMX9ziM1mzgwG4jkk/getUpdates "HTTP/1.1 200 OK"
2025-04-30 16:52:20,973 - INFO - HTTP Request: POST https://api.telegram.org/bot7353034334:AAHIBjJgdMdrqw_nE-DMX9ziM1mzgwG4jkk/getUpdates "HTTP/1.1 200 OK"
2025-04-30 16:52:31,134 - INFO - HTTP Request: POST https://api.telegram.org/bot7353034334:AAHIBjJgdMdrqw_nE-DMX9ziM1mzgwG4jkk/getUpdates "HTTP/1.1 200 OK"
2025-04-30 16:52:33,661 - INFO - HTTP Request: POST https://api.telegram.org/bot7353034334:AAHIBjJgdMdrqw_nE-DMX9ziM1mzgwG4jkk/getUpdates "HTTP/1.1 200 OK"
2025-04-30 16:52:34,184 - INFO - HTTP Request: POST https://api.telegram.org/bot7353034334:AAHIBjJgdMdrqw_nE-DMX9ziM1mzgwG4jkk/sendMessage "HTTP/1.1 200 OK"
2025-04-30 16:52:41,622 - INFO - HTTP Request: POST https://api.telegram.org/bot7353034334:AAHIBjJgdMdrqw_nE-DMX9ziM1mzgwG4jkk/getUpdates "HTTP/1.1 200 OK"
2025-04-30 16:52:42,027 - INFO - HTTP Request: POST https://api.telegram.org/bot7353034334:AAHIBjJgdMdrqw_nE-DMX9ziM1mzgwG4jkk/sendMessage "HTTP/1.1 200 OK"
2025-04-30 16:52:47,585 - INFO - HTTP Request: POST https://api.telegram.org/bot7353034334:AAHIBjJgdMdrqw_nE-DMX9ziM1mzgwG4jkk/getUpdates "HTTP/1.1 200 OK"
2025-04-30 16:52:50,184 - INFO - HTTP Request: POST https://api.telegram.org/bot7353034334:AAHIBjJgdMdrqw_nE-DMX9ziM1mzgwG4jkk/answerCallbackQuery "HTTP/1.1 200 OK"
2025-04-30 16:52:50,418 - INFO - HTTP Request: POST https://api.telegram.org/bot7353034334:AAHIBjJgdMdrqw_nE-DMX9ziM1mzgwG4jkk/editMessageText "HTTP/1.1 200 OK"
2025-04-30 16:52:57,707 - INFO - HTTP Request: POST https://api.telegram.org/bot7353034334:AAHIBjJgdMdrqw_nE-DMX9ziM1mzgwG4jkk/getUpdates "HTTP/1.1 200 OK"
2025-04-30 16:53:07,862 - INFO - HTTP Request: POST https://api.telegram.org/bot7353034334:AAHIBjJgdMdrqw_nE-DMX9ziM1mzgwG4jkk/getUpdates "HTTP/1.1 200 OK"
2025-04-30 16:53:17,948 - INFO - HTTP Request: POST https://api.telegram.org/bot7353034334:AAHIBjJgdMdrqw_nE-DMX9ziM1mzgwG4jkk/getUpdates "HTTP/1.1 200 OK"
2025-04-30 16:53:25,923 - INFO - HTTP Request: POST https://api.telegram.org/bot7353034334:AAHIBjJgdMdrqw_nE-DMX9ziM1mzgwG4jkk/getUpdates "HTTP/1.1 200 OK"
2025-04-30 16:53:26,906 - INFO - HTTP Request: POST https://api.telegram.org/bot7353034334:AAHIBjJgdMdrqw_nE-DMX9ziM1mzgwG4jkk/sendMessage "HTTP/1.1 200 OK"
2025-04-30 16:53:36,664 - INFO - HTTP Request: POST https://api.telegram.org/bot7353034334:AAHIBjJgdMdrqw_nE-DMX9ziM1mzgwG4jkk/getUpdates "HTTP/1.1 200 OK"
2025-04-30 16:53:46,742 - INFO - HTTP Request: POST https://api.telegram.org/bot7353034334:AAHIBjJgdMdrqw_nE-DMX9ziM1mzgwG4jkk/getUpdates "HTTP/1.1 200 OK"
2025-04-30 16:53:56,811 - INFO - HTTP Request: POST https://api.telegram.org/bot7353034334:AAHIBjJgdMdrqw_nE-DMX9ziM1mzgwG4jkk/getUpdates "HTTP/1.1 200 OK"
2025-04-30 16:54:06,892 - INFO - HTTP Request: POST https://api.telegram.org/bot7353034334:AAHIBjJgdMdrqw_nE-DMX9ziM1mzgwG4jkk/getUpdates "HTTP/1.1 200 OK"
2025-04-30 16:54:17,062 - INFO - HTTP Request: POST https://api.telegram.org/bot7353034334:AAHIBjJgdMdrqw_nE-DMX9ziM1mzgwG4jkk/getUpdates "HTTP/1.1 200 OK"
2025-04-30 16:54:27,249 - INFO - HTTP Request: POST https://api.telegram.org/bot7353034334:AAHIBjJgdMdrqw_nE-DMX9ziM1mzgwG4jkk/getUpdates "HTTP/1.1 200 OK"
2025-04-30 16:54:37,397 - INFO - HTTP Request: POST https://api.telegram.org/bot7353034334:AAHIBjJgdMdrqw_nE-DMX9ziM1mzgwG4jkk/getUpdates "HTTP/1.1 200 OK"
2025-04-30 16:54:47,582 - INFO - HTTP Request: POST https://api.telegram.org/bot7353034334:AAHIBjJgdMdrqw_nE-DMX9ziM1mzgwG4jkk/getUpdates "HTTP/1.1 200 OK"
2025-04-30 16:54:57,686 - INFO - HTTP Request: POST https://api.telegram.org/bot7353034334:AAHIBjJgdMdrqw_nE-DMX9ziM1mzgwG4jkk/getUpdates "HTTP/1.1 200 OK"
2025-04-30 16:55:07,788 - INFO - HTTP Request: POST https://api.telegram.org/bot7353034334:AAHIBjJgdMdrqw_nE-DMX9ziM1mzgwG4jkk/getUpdates "HTTP/1.1 200 OK"
2025-04-30 16:55:17,847 - INFO - HTTP Request: POST https://api.telegram.org/bot7353034334:AAHIBjJgdMdrqw_nE-DMX9ziM1mzgwG4jkk/getUpdates "HTTP/1.1 200 OK"
2025-04-30 16:55:27,936 - INFO - HTTP Request: POST https://api.telegram.org/bot7353034334:AAHIBjJgdMdrqw_nE-DMX9ziM1mzgwG4jkk/getUpdates "HTTP/1.1 200 OK"
2025-04-30 16:55:38,025 - INFO - HTTP Request: POST https://api.telegram.org/bot7353034334:AAHIBjJgdMdrqw_nE-DMX9ziM1mzgwG4jkk/getUpdates "HTTP/1.1 200 OK"
2025-04-30 16:55:48,100 - INFO - HTTP Request: POST https://api.telegram.org/bot7353034334:AAHIBjJgdMdrqw_nE-DMX9ziM1mzgwG4jkk/getUpdates "HTTP/1.1 200 OK"
2025-04-30 16:55:58,182 - INFO - HTTP Request: POST https://api.telegram.org/bot7353034334:AAHIBjJgdMdrqw_nE-DMX9ziM1mzgwG4jkk/getUpdates "HTTP/1.1 200 OK"
2025-04-30 16:56:08,302 - INFO - HTTP Request: POST https://api.telegram.org/bot7353034334:AAHIBjJgdMdrqw_nE-DMX9ziM1mzgwG4jkk/getUpdates "HTTP/1.1 200 OK"
2025-04-30 16:56:18,416 - INFO - HTTP Request: POST https://api.telegram.org/bot7353034334:AAHIBjJgdMdrqw_nE-DMX9ziM1mzgwG4jkk/getUpdates "HTTP/1.1 200 OK"
2025-04-30 16:56:28,597 - INFO - HTTP Request: POST https://api.telegram.org/bot7353034334:AAHIBjJgdMdrqw_nE-DMX9ziM1mzgwG4jkk/getUpdates "HTTP/1.1 200 OK"
2025-04-30 16:56:38,860 - INFO - HTTP Request: POST https://api.telegram.org/bot7353034334:AAHIBjJgdMdrqw_nE-DMX9ziM1mzgwG4jkk/getUpdates "HTTP/1.1 200 OK"
2025-04-30 16:56:48,935 - INFO - HTTP Request: POST https://api.telegram.org/bot7353034334:AAHIBjJgdMdrqw_nE-DMX9ziM1mzgwG4jkk/getUpdates "HTTP/1.1 200 OK"
2025-04-30 16:56:59,032 - INFO - HTTP Request: POST https://api.telegram.org/bot7353034334:AAHIBjJgdMdrqw_nE-DMX9ziM1mzgwG4jkk/getUpdates "HTTP/1.1 200 OK"
2025-04-30 16:57:09,102 - INFO - HTTP Request: POST https://api.telegram.org/bot7353034334:AAHIBjJgdMdrqw_nE-DMX9ziM1mzgwG4jkk/getUpdates "HTTP/1.1 200 OK"
2025-04-30 16:57:19,271 - INFO - HTTP Request: POST https://api.telegram.org/bot7353034334:AAHIBjJgdMdrqw_nE-DMX9ziM1mzgwG4jkk/getUpdates "HTTP/1.1 200 OK"
2025-04-30 16:57:29,357 - INFO - HTTP Request: POST https://api.telegram.org/bot7353034334:AAHIBjJgdMdrqw_nE-DMX9ziM1mzgwG4jkk/getUpdates "HTTP/1.1 200 OK"
2025-04-30 16:57:30,583 - INFO - HTTP Request: POST https://api.telegram.org/bot7353034334:AAHIBjJgdMdrqw_nE-DMX9ziM1mzgwG4jkk/getUpdates "HTTP/1.1 200 OK"
2025-04-30 16:57:30,946 - INFO - HTTP Request: POST https://api.telegram.org/bot7353034334:AAHIBjJgdMdrqw_nE-DMX9ziM1mzgwG4jkk/sendMessage "HTTP/1.1 200 OK"
2025-04-30 16:57:40,656 - INFO - HTTP Request: POST https://api.telegram.org/bot7353034334:AAHIBjJgdMdrqw_nE-DMX9ziM1mzgwG4jkk/getUpdates "HTTP/1.1 200 OK"
2025-04-30 16:57:50,774 - INFO - HTTP Request: POST https://api.telegram.org/bot7353034334:AAHIBjJgdMdrqw_nE-DMX9ziM1mzgwG4jkk/getUpdates "HTTP/1.1 200 OK"
2025-04-30 16:58:00,876 - INFO - HTTP Request: POST https://api.telegram.org/bot7353034334:AAHIBjJgdMdrqw_nE-DMX9ziM1mzgwG4jkk/getUpdates "HTTP/1.1 200 OK"
2025-04-30 16:58:10,958 - INFO - HTTP Request: POST https://api.telegram.org/bot7353034334:AAHIBjJgdMdrqw_nE-DMX9ziM1mzgwG4jkk/getUpdates "HTTP/1.1 200 OK"
2025-04-30 16:58:21,011 - INFO - HTTP Request: POST https://api.telegram.org/bot7353034334:AAHIBjJgdMdrqw_nE-DMX9ziM1mzgwG4jkk/getUpdates "HTTP/1.1 200 OK"
2025-04-30 16:58:31,130 - INFO - HTTP Request: POST https://api.telegram.org/bot7353034334:AAHIBjJgdMdrqw_nE-DMX9ziM1mzgwG4jkk/getUpdates "HTTP/1.1 200 OK"
2025-04-30 16:58:41,210 - INFO - HTTP Request: POST https://api.telegram.org/bot7353034334:AAHIBjJgdMdrqw_nE-DMX9ziM1mzgwG4jkk/getUpdates "HTTP/1.1 200 OK"
2025-04-30 16:58:51,302 - INFO - HTTP Request: POST https://api.telegram.org/bot7353034334:AAHIBjJgdMdrqw_nE-DMX9ziM1mzgwG4jkk/getUpdates "HTTP/1.1 200 OK"
2025-04-30 16:59:01,406 - INFO - HTTP Request: POST https://api.telegram.org/bot7353034334:AAHIBjJgdMdrqw_nE-DMX9ziM1mzgwG4jkk/getUpdates "HTTP/1.1 200 OK"
2025-04-30 16:59:08,567 - INFO - HTTP Request: POST https://api.telegram.org/bot7353034334:AAHIBjJgdMdrqw_nE-DMX9ziM1mzgwG4jkk/getUpdates "HTTP/1.1 200 OK"
2025-04-30 16:59:08,568 - INFO - Новый пользователь: 376992921 (@KatiShan)
2025-04-30 16:59:09,030 - INFO - HTTP Request: POST https://api.telegram.org/bot7353034334:AAHIBjJgdMdrqw_nE-DMX9ziM1mzgwG4jkk/sendMessage "HTTP/1.1 200 OK"
2025-04-30 16:59:18,669 - INFO - HTTP Request: POST https://api.telegram.org/bot7353034334:AAHIBjJgdMdrqw_nE-DMX9ziM1mzgwG4jkk/getUpdates "HTTP/1.1 200 OK"
2025-04-30 16:59:28,788 - INFO - HTTP Request: POST https://api.telegram.org/bot7353034334:AAHIBjJgdMdrqw_nE-DMX9ziM1mzgwG4jkk/getUpdates "HTTP/1.1 200 OK"
2025-04-30 16:59:38,850 - INFO - HTTP Request: POST https://api.telegram.org/bot7353034334:AAHIBjJgdMdrqw_nE-DMX9ziM1mzgwG4jkk/getUpdates "HTTP/1.1 200 OK"
2025-04-30 16:59:48,944 - INFO - HTTP Request: POST https://api.telegram.org/bot7353034334:AAHIBjJgdMdrqw_nE-DMX9ziM1mzgwG4jkk/getUpdates "HTTP/1.1 200 OK"
2025-04-30 16:59:50,269 - INFO - HTTP Request: POST https://api.telegram.org/bot7353034334:AAHIBjJgdMdrqw_nE-DMX9ziM1mzgwG4jkk/getUpdates "HTTP/1.1 200 OK"
2025-04-30 16:59:50,919 - INFO - HTTP Request: POST https://api.telegram.org/bot7353034334:AAHIBjJgdMdrqw_nE-DMX9ziM1mzgwG4jkk/sendMessage "HTTP/1.1 200 OK"
2025-04-30 17:00:00,411 - INFO - HTTP Request: POST https://api.telegram.org/bot7353034334:AAHIBjJgdMdrqw_nE-DMX9ziM1mzgwG4jkk/getUpdates "HTTP/1.1 200 OK"
2025-04-30 17:00:09,566 - INFO - HTTP Request: POST https://api.telegram.org/bot7353034334:AAHIBjJgdMdrqw_nE-DMX9ziM1mzgwG4jkk/getUpdates "HTTP/1.1 200 OK"
2025-04-30 17:00:12,380 - INFO - HTTP Request: POST https://api.telegram.org/bot7353034334:AAHIBjJgdMdrqw_nE-DMX9ziM1mzgwG4jkk/sendMessage "HTTP/1.1 200 OK"
2025-04-30 17:00:19,280 - INFO - HTTP Request: POST https://api.telegram.org/bot7353034334:AAHIBjJgdMdrqw_nE-DMX9ziM1mzgwG4jkk/getUpdates "HTTP/1.1 200 OK"
2025-04-30 17:00:20,583 - INFO - HTTP Request: POST https://api.telegram.org/bot7353034334:AAHIBjJgdMdrqw_nE-DMX9ziM1mzgwG4jkk/sendMessage "HTTP/1.1 200 OK"
2025-04-30 17:00:29,417 - INFO - HTTP Request: POST https://api.telegram.org/bot7353034334:AAHIBjJgdMdrqw_nE-DMX9ziM1mzgwG4jkk/getUpdates "HTTP/1.1 200 OK"
2025-04-30 17:00:39,538 - INFO - HTTP Request: POST https://api.telegram.org/bot7353034334:AAHIBjJgdMdrqw_nE-DMX9ziM1mzgwG4jkk/getUpdates "HTTP/1.1 200 OK"
2025-04-30 17:00:49,636 - INFO - HTTP Request: POST https://api.telegram.org/bot7353034334:AAHIBjJgdMdrqw_nE-DMX9ziM1mzgwG4jkk/getUpdates "HTTP/1.1 200 OK"
2025-04-30 17:00:59,769 - INFO - HTTP Request: POST https://api.telegram.org/bot7353034334:AAHIBjJgdMdrqw_nE-DMX9ziM1mzgwG4jkk/getUpdates "HTTP/1.1 200 OK"
2025-04-30 17:01:09,870 - INFO - HTTP Request: POST https://api.telegram.org/bot7353034334:AAHIBjJgdMdrqw_nE-DMX9ziM1mzgwG4jkk/getUpdates "HTTP/1.1 200 OK"
2025-04-30 17:01:20,022 - INFO - HTTP Request: POST https://api.telegram.org/bot7353034334:AAHIBjJgdMdrqw_nE-DMX9ziM1mzgwG4jkk/getUpdates "HTTP/1.1 200 OK"
2025-04-30 17:01:30,133 - INFO - HTTP Request: POST https://api.telegram.org/bot7353034334:AAHIBjJgdMdrqw_nE-DMX9ziM1mzgwG4jkk/getUpdates "HTTP/1.1 200 OK"
2025-04-30 17:01:40,218 - INFO - HTTP Request: POST https://api.telegram.org/bot7353034334:AAHIBjJgdMdrqw_nE-DMX9ziM1mzgwG4jkk/getUpdates "HTTP/1.1 200 OK"
2025-04-30 17:01:50,291 - INFO - HTTP Request: POST https://api.telegram.org/bot7353034334:AAHIBjJgdMdrqw_nE-DMX9ziM1mzgwG4jkk/getUpdates "HTTP/1.1 200 OK"
2025-04-30 17:02:00,363 - INFO - HTTP Request: POST https://api.telegram.org/bot7353034334:AAHIBjJgdMdrqw_nE-DMX9ziM1mzgwG4jkk/getUpdates "HTTP/1.1 200 OK"
2025-04-30 17:02:10,463 - INFO - HTTP Request: POST https://api.telegram.org/bot7353034334:AAHIBjJgdMdrqw_nE-DMX9ziM1mzgwG4jkk/getUpdates "HTTP/1.1 200 OK"
2025-04-30 17:02:20,564 - INFO - HTTP Request: POST https://api.telegram.org/bot7353034334:AAHIBjJgdMdrqw_nE-DMX9ziM1mzgwG4jkk/getUpdates "HTTP/1.1 200 OK"
2025-04-30 17:02:30,633 - INFO - HTTP Request: POST https://api.telegram.org/bot7353034334:AAHIBjJgdMdrqw_nE-DMX9ziM1mzgwG4jkk/getUpdates "HTTP/1.1 200 OK"
2025-04-30 17:02:40,691 - INFO - HTTP Request: POST https://api.telegram.org/bot7353034334:AAHIBjJgdMdrqw_nE-DMX9ziM1mzgwG4jkk/getUpdates "HTTP/1.1 200 OK"
2025-04-30 17:02:50,777 - INFO - HTTP Request: POST https://api.telegram.org/bot7353034334:AAHIBjJgdMdrqw_nE-DMX9ziM1mzgwG4jkk/getUpdates "HTTP/1.1 200 OK"
2025-04-30 17:03:00,847 - INFO - HTTP Request: POST https://api.telegram.org/bot7353034334:AAHIBjJgdMdrqw_nE-DMX9ziM1mzgwG4jkk/getUpdates "HTTP/1.1 200 OK"
2025-04-30 17:03:10,992 - INFO - HTTP Request: POST https://api.telegram.org/bot7353034334:AAHIBjJgdMdrqw_nE-DMX9ziM1mzgwG4jkk/getUpdates "HTTP/1.1 200 OK"
2025-04-30 17:03:21,063 - INFO - HTTP Request: POST https://api.telegram.org/bot7353034334:AAHIBjJgdMdrqw_nE-DMX9ziM1mzgwG4jkk/getUpdates "HTTP/1.1 200 OK"
2025-04-30 17:03:31,144 - INFO - HTTP Request: POST https://api.telegram.org/bot7353034334:AAHIBjJgdMdrqw_nE-DMX9ziM1mzgwG4jkk/getUpdates "HTTP/1.1 200 OK"
2025-04-30 17:03:41,222 - INFO - HTTP Request: POST https://api.telegram.org/bot7353034334:AAHIBjJgdMdrqw_nE-DMX9ziM1mzgwG4jkk/getUpdates "HTTP/1.1 200 OK"
2025-04-30 17:03:55,748 - INFO - HTTP Request: POST https://api.telegram.org/bot7353034334:AAHIBjJgdMdrqw_nE-DMX9ziM1mzgwG4jkk/getUpdates "HTTP/1.1 200 OK"
2025-04-30 17:04:05,848 - INFO - HTTP Request: POST https://api.telegram.org/bot7353034334:AAHIBjJgdMdrqw_nE-DMX9ziM1mzgwG4jkk/getUpdates "HTTP/1.1 200 OK"
2025-04-30 17:04:16,035 - INFO - HTTP Request: POST https://api.telegram.org/bot7353034334:AAHIBjJgdMdrqw_nE-DMX9ziM1mzgwG4jkk/getUpdates "HTTP/1.1 200 OK"
2025-04-30 17:04:26,125 - INFO - HTTP Request: POST https://api.telegram.org/bot7353034334:AAHIBjJgdMdrqw_nE-DMX9ziM1mzgwG4jkk/getUpdates "HTTP/1.1 200 OK"
2025-04-30 17:04:36,197 - INFO - HTTP Request: POST https://api.telegram.org/bot7353034334:AAHIBjJgdMdrqw_nE-DMX9ziM1mzgwG4jkk/getUpdates "HTTP/1.1 200 OK"
2025-04-30 17:04:46,332 - INFO - HTTP Request: POST https://api.telegram.org/bot7353034334:AAHIBjJgdMdrqw_nE-DMX9ziM1mzgwG4jkk/getUpdates "HTTP/1.1 200 OK"
2025-04-30 17:04:56,437 - INFO - HTTP Request: POST https://api.telegram.org/bot7353034334:AAHIBjJgdMdrqw_nE-DMX9ziM1mzgwG4jkk/getUpdates "HTTP/1.1 200 OK"
2025-04-30 17:05:06,506 - INFO - HTTP Request: POST https://api.telegram.org/bot7353034334:AAHIBjJgdMdrqw_nE-DMX9ziM1mzgwG4jkk/getUpdates "HTTP/1.1 200 OK"
2025-04-30 17:05:16,581 - INFO - HTTP Request: POST https://api.telegram.org/bot7353034334:AAHIBjJgdMdrqw_nE-DMX9ziM1mzgwG4jkk/getUpdates "HTTP/1.1 200 OK"
2025-04-30 17:05:26,668 - INFO - HTTP Request: POST https://api.telegram.org/bot7353034334:AAHIBjJgdMdrqw_nE-DMX9ziM1mzgwG4jkk/getUpdates "HTTP/1.1 200 OK"
2025-04-30 17:05:36,750 - INFO - HTTP Request: POST https://api.telegram.org/bot7353034334:AAHIBjJgdMdrqw_nE-DMX9ziM1mzgwG4jkk/getUpdates "HTTP/1.1 200 OK"
2025-04-30 17:05:39,858 - INFO - HTTP Request: POST https://api.telegram.org/bot7353034334:AAHIBjJgdMdrqw_nE-DMX9ziM1mzgwG4jkk/getUpdates "HTTP/1.1 200 OK"
2025-04-30 17:05:44,891 - INFO - HTTP Request: POST https://api.telegram.org/bot7353034334:AAHIBjJgdMdrqw_nE-DMX9ziM1mzgwG4jkk/sendMessage "HTTP/1.1 200 OK"
2025-04-30 17:05:49,937 - INFO - HTTP Request: POST https://api.telegram.org/bot7353034334:AAHIBjJgdMdrqw_nE-DMX9ziM1mzgwG4jkk/getUpdates "HTTP/1.1 200 OK"
2025-04-30 17:06:00,034 - INFO - HTTP Request: POST https://api.telegram.org/bot7353034334:AAHIBjJgdMdrqw_nE-DMX9ziM1mzgwG4jkk/getUpdates "HTTP/1.1 200 OK"
2025-04-30 17:06:10,165 - INFO - HTTP Request: POST https://api.telegram.org/bot7353034334:AAHIBjJgdMdrqw_nE-DMX9ziM1mzgwG4jkk/getUpdates "HTTP/1.1 200 OK"
2025-04-30 17:06:20,247 - INFO - HTTP Request: POST https://api.telegram.org/bot7353034334:AAHIBjJgdMdrqw_nE-DMX9ziM1mzgwG4jkk/getUpdates "HTTP/1.1 200 OK"
2025-04-30 17:06:30,415 - INFO - HTTP Request: POST https://api.telegram.org/bot7353034334:AAHIBjJgdMdrqw_nE-DMX9ziM1mzgwG4jkk/getUpdates "HTTP/1.1 200 OK"
2025-04-30 17:06:40,552 - INFO - HTTP Request: POST https://api.telegram.org/bot7353034334:AAHIBjJgdMdrqw_nE-DMX9ziM1mzgwG4jkk/getUpdates "HTTP/1.1 200 OK"
2025-04-30 17:06:50,638 - INFO - HTTP Request: POST https://api.telegram.org/bot7353034334:AAHIBjJgdMdrqw_nE-DMX9ziM1mzgwG4jkk/getUpdates "HTTP/1.1 200 OK"
2025-04-30 17:07:00,772 - INFO - HTTP Request: POST https://api.telegram.org/bot7353034334:AAHIBjJgdMdrqw_nE-DMX9ziM1mzgwG4jkk/getUpdates "HTTP/1.1 200 OK"
2025-04-30 17:07:10,915 - INFO - HTTP Request: POST https://api.telegram.org/bot7353034334:AAHIBjJgdMdrqw_nE-DMX9ziM1mzgwG4jkk/getUpdates "HTTP/1.1 200 OK"
2025-04-30 17:07:20,981 - INFO - HTTP Request: POST https://api.telegram.org/bot7353034334:AAHIBjJgdMdrqw_nE-DMX9ziM1mzgwG4jkk/getUpdates "HTTP/1.1 200 OK"
2025-04-30 17:07:31,044 - INFO - HTTP Request: POST https://api.telegram.org/bot7353034334:AAHIBjJgdMdrqw_nE-DMX9ziM1mzgwG4jkk/getUpdates "HTTP/1.1 200 OK"
2025-04-30 17:07:41,186 - INFO - HTTP Request: POST https://api.telegram.org/bot7353034334:AAHIBjJgdMdrqw_nE-DMX9ziM1mzgwG4jkk/getUpdates "HTTP/1.1 200 OK"
2025-04-30 17:07:51,312 - INFO - HTTP Request: POST https://api.telegram.org/bot7353034334:AAHIBjJgdMdrqw_nE-DMX9ziM1mzgwG4jkk/getUpdates "HTTP/1.1 200 OK"
2025-04-30 17:08:01,385 - INFO - HTTP Request: POST https://api.telegram.org/bot7353034334:AAHIBjJgdMdrqw_nE-DMX9ziM1mzgwG4jkk/getUpdates "HTTP/1.1 200 OK"
2025-04-30 17:08:11,449 - INFO - HTTP Request: POST https://api.telegram.org/bot7353034334:AAHIBjJgdMdrqw_nE-DMX9ziM1mzgwG4jkk/getUpdates "HTTP/1.1 200 OK"
2025-04-30 17:08:11,542 - INFO - HTTP Request: POST https://api.telegram.org/bot7353034334:AAHIBjJgdMdrqw_nE-DMX9ziM1mzgwG4jkk/getUpdates "HTTP/1.1 200 OK"
2025-04-30 17:08:11,956 - INFO - HTTP Request: POST https://api.telegram.org/bot7353034334:AAHIBjJgdMdrqw_nE-DMX9ziM1mzgwG4jkk/sendMessage "HTTP/1.1 200 OK"
2025-04-30 17:08:16,117 - INFO - HTTP Request: POST https://api.telegram.org/bot7353034334:AAHIBjJgdMdrqw_nE-DMX9ziM1mzgwG4jkk/getUpdates "HTTP/1.1 200 OK"
2025-04-30 17:08:16,343 - INFO - HTTP Request: POST https://api.telegram.org/bot7353034334:AAHIBjJgdMdrqw_nE-DMX9ziM1mzgwG4jkk/answerCallbackQuery "HTTP/1.1 200 OK"
2025-04-30 17:08:16,344 - INFO - Подписка: 6699601390 (@Mikhaylov_Leo) \u2192 спорт
2025-04-30 17:08:16,543 - INFO - HTTP Request: POST https://api.telegram.org/bot7353034334:AAHIBjJgdMdrqw_nE-DMX9ziM1mzgwG4jkk/editMessageText "HTTP/1.1 200 OK"
2025-04-30 17:08:18,525 - INFO - HTTP Request: POST https://api.telegram.org/bot7353034334:AAHIBjJgdMdrqw_nE-DMX9ziM1mzgwG4jkk/getUpdates "HTTP/1.1 200 OK"
2025-04-30 17:08:18,680 - INFO - HTTP Request: POST https://api.telegram.org/bot7353034334:AAHIBjJgdMdrqw_nE-DMX9ziM1mzgwG4jkk/sendMessage "HTTP/1.1 200 OK"
2025-04-30 17:08:19,908 - INFO - HTTP Request: POST https://api.telegram.org/bot7353034334:AAHIBjJgdMdrqw_nE-DMX9ziM1mzgwG4jkk/getUpdates "HTTP/1.1 200 OK"
2025-04-30 17:08:20,010 - INFO - HTTP Request: POST https://api.telegram.org/bot7353034334:AAHIBjJgdMdrqw_nE-DMX9ziM1mzgwG4jkk/answerCallbackQuery "HTTP/1.1 200 OK"
2025-04-30 17:08:20,012 - INFO - Подписка: 6699601390 (@Mikhaylov_Leo) \u2192 экономика
2025-04-30 17:08:20,101 - INFO - HTTP Request: POST https://api.telegram.org/bot7353034334:AAHIBjJgdMdrqw_nE-DMX9ziM1mzgwG4jkk/editMessageText "HTTP/1.1 200 OK"
2025-04-30 17:08:25,605 - INFO - HTTP Request: POST https://api.telegram.org/bot7353034334:AAHIBjJgdMdrqw_nE-DMX9ziM1mzgwG4jkk/getUpdates "HTTP/1.1 200 OK"
2025-04-30 17:08:26,219 - INFO - HTTP Request: POST https://api.telegram.org/bot7353034334:AAHIBjJgdMdrqw_nE-DMX9ziM1mzgwG4jkk/sendMessage "HTTP/1.1 200 OK"
2025-04-30 17:08:27,523 - INFO - HTTP Request: POST https://api.telegram.org/bot7353034334:AAHIBjJgdMdrqw_nE-DMX9ziM1mzgwG4jkk/getUpdates "HTTP/1.1 200 OK"
2025-04-30 17:08:27,612 - INFO - HTTP Request: POST https://api.telegram.org/bot7353034334:AAHIBjJgdMdrqw_nE-DMX9ziM1mzgwG4jkk/answerCallbackQuery "HTTP/1.1 200 OK"
2025-04-30 17:08:27,613 - INFO - Подписка: 6699601390 (@Mikhaylov_Leo) \u2192 наука
2025-04-30 17:08:27,727 - INFO - HTTP Request: POST https://api.telegram.org/bot7353034334:AAHIBjJgdMdrqw_nE-DMX9ziM1mzgwG4jkk/editMessageText "HTTP/1.1 200 OK"
2025-04-30 17:08:29,751 - INFO - HTTP Request: POST https://api.telegram.org/bot7353034334:AAHIBjJgdMdrqw_nE-DMX9ziM1mzgwG4jkk/getUpdates "HTTP/1.1 200 OK"
2025-04-30 17:08:29,948 - INFO - HTTP Request: POST https://api.telegram.org/bot7353034334:AAHIBjJgdMdrqw_nE-DMX9ziM1mzgwG4jkk/sendMessage "HTTP/1.1 200 OK"
2025-04-30 17:08:31,410 - INFO - HTTP Request: POST https://api.telegram.org/bot7353034334:AAHIBjJgdMdrqw_nE-DMX9ziM1mzgwG4jkk/getUpdates "HTTP/1.1 200 OK"
2025-04-30 17:08:31,546 - INFO - HTTP Request: POST https://api.telegram.org/bot7353034334:AAHIBjJgdMdrqw_nE-DMX9ziM1mzgwG4jkk/answerCallbackQuery "HTTP/1.1 200 OK"
2025-04-30 17:08:31,548 - INFO - Подписка: 6699601390 (@Mikhaylov_Leo) \u2192 технологии
2025-04-30 17:08:31,705 - INFO - HTTP Request: POST https://api.telegram.org/bot7353034334:AAHIBjJgdMdrqw_nE-DMX9ziM1mzgwG4jkk/editMessageText "HTTP/1.1 200 OK"
2025-04-30 17:08:38,755 - INFO - HTTP Request: POST https://api.telegram.org/bot7353034334:AAHIBjJgdMdrqw_nE-DMX9ziM1mzgwG4jkk/getUpdates "HTTP/1.1 200 OK"
2025-04-30 17:08:48,654 - INFO - HTTP Request: POST https://api.telegram.org/bot7353034334:AAHIBjJgdMdrqw_nE-DMX9ziM1mzgwG4jkk/sendMessage "HTTP/1.1 200 OK"
2025-04-30 17:08:53,297 - INFO - HTTP Request: POST https://api.telegram.org/bot7353034334:AAHIBjJgdMdrqw_nE-DMX9ziM1mzgwG4jkk/sendMessage "HTTP/1.1 200 OK"
2025-04-30 17:08:54,405 - INFO - HTTP Request: POST https://api.telegram.org/bot7353034334:AAHIBjJgdMdrqw_nE-DMX9ziM1mzgwG4jkk/sendMessage "HTTP/1.1 200 OK"
2025-04-30 17:09:02,638 - INFO - HTTP Request: POST https://api.telegram.org/bot7353034334:AAHIBjJgdMdrqw_nE-DMX9ziM1mzgwG4jkk/getUpdates "HTTP/1.1 200 OK"
2025-04-30 17:09:03,510 - INFO - HTTP Request: POST https://api.telegram.org/bot7353034334:AAHIBjJgdMdrqw_nE-DMX9ziM1mzgwG4jkk/sendMessage "HTTP/1.1 200 OK"
2025-04-30 17:09:04,671 - INFO - HTTP Request: POST https://api.telegram.org/bot7353034334:AAHIBjJgdMdrqw_nE-DMX9ziM1mzgwG4jkk/sendMessage "HTTP/1.1 200 OK"
2025-04-30 17:09:12,747 - INFO - HTTP Request: POST https://api.telegram.org/bot7353034334:AAHIBjJgdMdrqw_nE-DMX9ziM1mzgwG4jkk/getUpdates "HTTP/1.1 200 OK"
2025-04-30 17:09:22,805 - INFO - HTTP Request: POST https://api.telegram.org/bot7353034334:AAHIBjJgdMdrqw_nE-DMX9ziM1mzgwG4jkk/getUpdates "HTTP/1.1 200 OK"
2025-04-30 17:09:32,872 - INFO - HTTP Request: POST https://api.telegram.org/bot7353034334:AAHIBjJgdMdrqw_nE-DMX9ziM1mzgwG4jkk/getUpdates "HTTP/1.1 200 OK"
2025-04-30 17:09:43,117 - INFO - HTTP Request: POST https://api.telegram.org/bot7353034334:AAHIBjJgdMdrqw_nE-DMX9ziM1mzgwG4jkk/getUpdates "HTTP/1.1 200 OK"
2025-04-30 17:09:53,356 - INFO - HTTP Request: POST https://api.telegram.org/bot7353034334:AAHIBjJgdMdrqw_nE-DMX9ziM1mzgwG4jkk/getUpdates "HTTP/1.1 200 OK"
2025-04-30 17:10:03,453 - INFO - HTTP Request: POST https://api.telegram.org/bot7353034334:AAHIBjJgdMdrqw_nE-DMX9ziM1mzgwG4jkk/getUpdates "HTTP/1.1 200 OK"
2025-04-30 17:10:13,589 - INFO - HTTP Request: POST https://api.telegram.org/bot7353034334:AAHIBjJgdMdrqw_nE-DMX9ziM1mzgwG4jkk/getUpdates "HTTP/1.1 200 OK"
2025-04-30 17:10:23,659 - INFO - HTTP Request: POST https://api.telegram.org/bot7353034334:AAHIBjJgdMdrqw_nE-DMX9ziM1mzgwG4jkk/getUpdates "HTTP/1.1 200 OK"
2025-04-30 17:10:33,759 - INFO - HTTP Request: POST https://api.telegram.org/bot7353034334:AAHIBjJgdMdrqw_nE-DMX9ziM1mzgwG4jkk/getUpdates "HTTP/1.1 200 OK"
2025-04-30 17:10:43,837 - INFO - HTTP Request: POST https://api.telegram.org/bot7353034334:AAHIBjJgdMdrqw_nE-DMX9ziM1mzgwG4jkk/getUpdates "HTTP/1.1 200 OK"
2025-04-30 17:10:53,983 - INFO - HTTP Request: POST https://api.telegram.org/bot7353034334:AAHIBjJgdMdrqw_nE-DMX9ziM1mzgwG4jkk/getUpdates "HTTP/1.1 200 OK"
2025-04-30 17:11:04,054 - INFO - HTTP Request: POST https://api.telegram.org/bot7353034334:AAHIBjJgdMdrqw_nE-DMX9ziM1mzgwG4jkk/getUpdates "HTTP/1.1 200 OK"
2025-04-30 17:11:14,108 - INFO - HTTP Request: POST https://api.telegram.org/bot7353034334:AAHIBjJgdMdrqw_nE-DMX9ziM1mzgwG4jkk/getUpdates "HTTP/1.1 200 OK"
2025-04-30 17:11:24,202 - INFO - HTTP Request: POST https://api.telegram.org/bot7353034334:AAHIBjJgdMdrqw_nE-DMX9ziM1mzgwG4jkk/getUpdates "HTTP/1.1 200 OK"
2025-04-30 17:11:34,311 - INFO - HTTP Request: POST https://api.telegram.org/bot7353034334:AAHIBjJgdMdrqw_nE-DMX9ziM1mzgwG4jkk/getUpdates "HTTP/1.1 200 OK"
2025-04-30 17:11:44,370 - INFO - HTTP Request: POST https://api.telegram.org/bot7353034334:AAHIBjJgdMdrqw_nE-DMX9ziM1mzgwG4jkk/getUpdates "HTTP/1.1 200 OK"
2025-04-30 17:11:54,496 - INFO - HTTP Request: POST https://api.telegram.org/bot7353034334:AAHIBjJgdMdrqw_nE-DMX9ziM1mzgwG4jkk/getUpdates "HTTP/1.1 200 OK"
2025-04-30 17:12:04,580 - INFO - HTTP Request: POST https://api.telegram.org/bot7353034334:AAHIBjJgdMdrqw_nE-DMX9ziM1mzgwG4jkk/getUpdates "HTTP/1.1 200 OK"
2025-04-30 17:12:14,669 - INFO - HTTP Request: POST https://api.telegram.org/bot7353034334:AAHIBjJgdMdrqw_nE-DMX9ziM1mzgwG4jkk/getUpdates "HTTP/1.1 200 OK"
2025-04-30 17:12:24,959 - INFO - HTTP Request: POST https://api.telegram.org/bot7353034334:AAHIBjJgdMdrqw_nE-DMX9ziM1mzgwG4jkk/getUpdates "HTTP/1.1 200 OK"
2025-04-30 17:12:35,025 - INFO - HTTP Request: POST https://api.telegram.org/bot7353034334:AAHIBjJgdMdrqw_nE-DMX9ziM1mzgwG4jkk/getUpdates "HTTP/1.1 200 OK"
2025-04-30 17:12:45,218 - INFO - HTTP Request: POST https://api.telegram.org/bot7353034334:AAHIBjJgdMdrqw_nE-DMX9ziM1mzgwG4jkk/getUpdates "HTTP/1.1 200 OK"
2025-04-30 17:12:55,323 - INFO - HTTP Request: POST https://api.telegram.org/bot7353034334:AAHIBjJgdMdrqw_nE-DMX9ziM1mzgwG4jkk/getUpdates "HTTP/1.1 200 OK"
2025-04-30 17:13:05,385 - INFO - HTTP Request: POST https://api.telegram.org/bot7353034334:AAHIBjJgdMdrqw_nE-DMX9ziM1mzgwG4jkk/getUpdates "HTTP/1.1 200 OK"
2025-04-30 17:13:15,460 - INFO - HTTP Request: POST https://api.telegram.org/bot7353034334:AAHIBjJgdMdrqw_nE-DMX9ziM1mzgwG4jkk/getUpdates "HTTP/1.1 200 OK"
2025-04-30 17:13:25,557 - INFO - HTTP Request: POST https://api.telegram.org/bot7353034334:AAHIBjJgdMdrqw_nE-DMX9ziM1mzgwG4jkk/getUpdates "HTTP/1.1 200 OK"
2025-04-30 17:13:35,644 - INFO - HTTP Request: POST https://api.telegram.org/bot7353034334:AAHIBjJgdMdrqw_nE-DMX9ziM1mzgwG4jkk/getUpdates "HTTP/1.1 200 OK"
2025-04-30 17:13:45,716 - INFO - HTTP Request: POST https://api.telegram.org/bot7353034334:AAHIBjJgdMdrqw_nE-DMX9ziM1mzgwG4jkk/getUpdates "HTTP/1.1 200 OK"
2025-04-30 17:13:55,787 - INFO - HTTP Request: POST https://api.telegram.org/bot7353034334:AAHIBjJgdMdrqw_nE-DMX9ziM1mzgwG4jkk/getUpdates "HTTP/1.1 200 OK"
2025-04-30 17:14:05,861 - INFO - HTTP Request: POST https://api.telegram.org/bot7353034334:AAHIBjJgdMdrqw_nE-DMX9ziM1mzgwG4jkk/getUpdates "HTTP/1.1 200 OK"
2025-04-30 17:14:15,953 - INFO - HTTP Request: POST https://api.telegram.org/bot7353034334:AAHIBjJgdMdrqw_nE-DMX9ziM1mzgwG4jkk/getUpdates "HTTP/1.1 200 OK"
2025-04-30 17:14:26,011 - INFO - HTTP Request: POST https://api.telegram.org/bot7353034334:AAHIBjJgdMdrqw_nE-DMX9ziM1mzgwG4jkk/getUpdates "HTTP/1.1 200 OK"
2025-04-30 17:14:36,100 - INFO - HTTP Request: POST https://api.telegram.org/bot7353034334:AAHIBjJgdMdrqw_nE-DMX9ziM1mzgwG4jkk/getUpdates "HTTP/1.1 200 OK"
2025-04-30 17:14:46,164 - INFO - HTTP Request: POST https://api.telegram.org/bot7353034334:AAHIBjJgdMdrqw_nE-DMX9ziM1mzgwG4jkk/getUpdates "HTTP/1.1 200 OK"
